// 重构日志: cb29cda2
// 重构日志: 69b14092
// 重构日志: bba8e037
// 同步 ID: 0b5cf43d @ Sat Jul 18 01:51:41 UTC 2026
// 同步 ID: 4c3dfba5 @ Sat Jul 18 10:39:30 UTC 2026
// 重构日志: ede231c9
// 重构日志: 5ec4f593
// 重构日志: dc266ddb
// 重构日志: 0c1adaed
// 同步 ID: 9dd506f6 @ Mon Jul 20 05:44:36 UTC 2026
// 重构日志: a0b524b7
// 同步 ID: 208dae23 @ Tue Jul 21 12:23:58 UTC 2026
// 同步 ID: f25189ed @ Tue Jul 21 15:12:35 UTC 2026
// 重构日志: baf30889
// 重构日志: f896ef43
// 重构日志: 9e54b163
// 同步 ID: f8206a59 @ Sat Jul 25 11:56:20 UTC 2026
// 重构日志: 3848f122
// 重构日志: 55f3f358
// 同步 ID: 7c179434 @ Sun Jul 26 23:54:17 UTC 2026
// 重构日志: 0a8dab50
// 重构日志: 8410956a
// 重构日志: 93df03e8
// 同步 ID: 5aa7adfc @ Tue Jul 28 14:59:23 UTC 2026
// 重构日志: 28015730
// 重构日志: c58d3e57
// 重构日志: d45162af
// 重构日志: 28ad5e80
// 同步 ID: a7ff2b69 @ Fri Jul 31 04:55:34 UTC 2026
// 同步 ID: d11be3f0 @ Fri Jul 31 16:29:04 UTC 2026
// 重构日志: e4232cb1
